// Jest Snapshot v1, https://goo.gl/fbAQLP

exports[`withReducer should return a wrappedComponent 1`] = `<MockComponent />`;
